CONSOLE Injecting <script> tag. Using callback.
CONSOLE [.WebGL-0x29bc05d5d400]GL Driver Message (OpenGL, Performance, GL_CLOSE_PATH_NV, High): GPU stall due to ReadPixels
wide-before: captured
CONSOLE Injecting <script> tag. Using callback.
CONSOLE [.WebGL-0x29bc03808200]GL Driver Message (OpenGL, Performance, GL_CLOSE_PATH_NV, High): GPU stall due to ReadPixels
wide-collapsed: captured
CONSOLE Injecting <script> tag. Using callback.
CONSOLE [.WebGL-0x29bc06973600]GL Driver Message (OpenGL, Performance, GL_CLOSE_PATH_NV, High): GPU stall due to ReadPixels
CONSOLE [.WebGL-0x29bc06973600]GL Driver Message (OpenGL, Performance, GL_CLOSE_PATH_NV, High): GPU stall due to ReadPixels (this message will no longer repeat)
wide-expanded: captured
CONSOLE Injecting <script> tag. Using callback.
wide-unavailable: captured
CONSOLE Injecting <script> tag. Using callback.
narrow-before: captured
CONSOLE Injecting <script> tag. Using callback.
narrow-collapsed: captured
CONSOLE Injecting <script> tag. Using callback.
narrow-expanded: captured
CONSOLE Injecting <script> tag. Using callback.
narrow-unavailable: captured
